[www.taasky.com/index.html]
[backblue.gif]
[fade.gif]
[index.html]
[www.taasky.com/css/style.css]
[www.taasky.com/css/developers.css]
[www.taasky.com/css/print.css]
[www.taasky.com/img/favicon.ico]
[www.taasky.com/img/bg/loading.gif]
[www.taasky.com/img/logo-taasky.png]
[www.taasky.com/img/illust/focus.png]
[www.taasky.com/img/illust/nomess.png]
[www.taasky.com/img/illust/design.png]
[www.taasky.com/img/illust/logo-smashing.png]
[www.taasky.com/img/illust/logo-designmodo.png]
[www.taasky.com/img/illust/logo-awwwards.png]
[www.taasky.com/img/illust/avatar-6.jpg]
[www.taasky.com/img/illust/avatar-3.jpg]
[www.taasky.com/img/illust/avatar-2.jpg]
[www.taasky.com/img/illust/avatar-5.jpg]
[assets.pinterest.com/images/pidgets/pin_it_button.png]
[connect.facebook.net/cs_CZ/all.js]
[assets.pinterest.com/js/pinit.js]
[www.taasky.com/js/jquery.swipe.js]
[www.taasky.com/js/jquery.waypoints.js]
[www.taasky.com/js/jquery.js]
[www.taasky.com/js/sk.js]
[www.google-analytics.com/analytics.js]
[www.taasky.com/index.html]
[www.taasky.com/js/app.js]
[www.taasky.com/img/ico/li.1a.delayed]
[www.taasky.com/img/bg/stripes.png]
[www.taasky.com/img/bg/all.png]
[www.taasky.com/css/style.css]
[www.taasky.com/css/developers.css]
[www.taasky.com/css/print.css]
[connect.facebook.net/cs_CZ/all.js]
[www.taasky.com/ABCDEFGHIJKLMNOPQRSTUVWXYZabcdefghijklmnopqrstuvwxyz0123456789+/index.html]
[www.taasky.com/js/box2dweb.min.js]
[www.taasky.com/img/ico/li.html]
[www.taasky.com/ABCDEFGHIJKLMNOPQRSTUVWXYZabcdefghijklmnopqrstuvwxyz0123456789+/index.html]
